{
  "version": "1.5.0",
  "plugins_used": [
    {
      "name": "ArtifactoryDetector"
    },
    {
      "name": "AWSKeyDetector"
    },
    {
      "name": "AzureStorageKeyDetector"
    },
    {
      "name": "Base64HighEntropyString",
      "limit": 4.5
    },
    {
      "name": "BasicAuthDetector"
    },
    {
      "name": "CloudantDetector"
    },
    {
      "name": "DiscordBotTokenDetector"
    },
    {
      "name": "GitHubTokenDetector"
    },
    {
      "name": "GitLabTokenDetector"
    },
    {
      "name": "HexHighEntropyString",
      "limit": 3.0
    },
    {
      "name": "IbmCloudIamDetector"
    },
    {
      "name": "IbmCosHmacDetector"
    },
    {
      "name": "IPPublicDetector"
    },
    {
      "name": "JwtTokenDetector"
    },
    {
      "name": "KeywordDetector",
      "keyword_exclude": ""
    },
    {
      "name": "MailchimpDetector"
    },
    {
      "name": "NpmDetector"
    },
    {
      "name": "OpenAIDetector"
    },
    {
      "name": "PrivateKeyDetector"
    },
    {
      "name": "PypiTokenDetector"
    },
    {
      "name": "SendGridDetector"
    },
    {
      "name": "SlackDetector"
    },
    {
      "name": "SoftlayerDetector"
    },
    {
      "name": "SquareOAuthDetector"
    },
    {
      "name": "StripeDetector"
    },
    {
      "name": "TelegramBotTokenDetector"
    },
    {
      "name": "TwilioKeyDetector"
    }
  ],
  "filters_used": [
    {
      "path": "detect_secrets.filters.allowlist.is_line_allowlisted"
    },
    {
      "path": "detect_secrets.filters.common.is_ignored_due_to_verification_policies",
      "min_level": 2
    },
    {
      "path": "detect_secrets.filters.heuristic.is_indirect_reference"
    },
    {
      "path": "detect_secrets.filters.heuristic.is_likely_id_string"
    },
    {
      "path": "detect_secrets.filters.heuristic.is_lock_file"
    },
    {
      "path": "detect_secrets.filters.heuristic.is_not_alphanumeric_string"
    },
    {
      "path": "detect_secrets.filters.heuristic.is_potential_uuid"
    },
    {
      "path": "detect_secrets.filters.heuristic.is_prefixed_with_dollar_sign"
    },
    {
      "path": "detect_secrets.filters.heuristic.is_sequential_string"
    },
    {
      "path": "detect_secrets.filters.heuristic.is_swagger_file"
    },
    {
      "path": "detect_secrets.filters.heuristic.is_templated_secret"
    }
  ],
  "results": {
    ".env.example": [
      {
        "type": "Basic Auth Credentials",
        "filename": ".env.example",
        "hashed_secret": "5baa61e4c9b93f3f0682250b6cf8331b7ee68fd8",
        "is_verified": false,
        "line_number": 17
      }
    ],
    "README.md": [
      {
        "type": "Basic Auth Credentials",
        "filename": "README.md",
        "hashed_secret": "5baa61e4c9b93f3f0682250b6cf8331b7ee68fd8",
        "is_verified": false,
        "line_number": 166
      }
    ],
    "docker-compose.yml": [
      {
        "type": "Secret Keyword",
        "filename": "docker-compose.yml",
        "hashed_secret": "e6821d6e36cdd0228cfce1b0d84e8ce722eabe36",
        "is_verified": false,
        "line_number": 27
      }
    ],
    "docs/DEPLOYMENT.md": [
      {
        "type": "Secret Keyword",
        "filename": "docs/DEPLOYMENT.md",
        "hashed_secret": "9ad19750930e5cf133e024641c00daf5fc90c700",
        "is_verified": false,
        "line_number": 558
      }
    ],
    "docs/OCI_DEPLOYMENT_GUIDE.md": [
      {
        "type": "Basic Auth Credentials",
        "filename": "docs/OCI_DEPLOYMENT_GUIDE.md",
        "hashed_secret": "5baa61e4c9b93f3f0682250b6cf8331b7ee68fd8",
        "is_verified": false,
        "line_number": 423
      }
    ],
    "docs/POSTGRESQL_IMPLEMENTATION_SUMMARY.md": [
      {
        "type": "Basic Auth Credentials",
        "filename": "docs/POSTGRESQL_IMPLEMENTATION_SUMMARY.md",
        "hashed_secret": "e6821d6e36cdd0228cfce1b0d84e8ce722eabe36",
        "is_verified": false,
        "line_number": 173
      }
    ],
    "docs/VERCEL_RAILWAY_DEPLOYMENT.md": [
      {
        "type": "Basic Auth Credentials",
        "filename": "docs/VERCEL_RAILWAY_DEPLOYMENT.md",
        "hashed_secret": "5baa61e4c9b93f3f0682250b6cf8331b7ee68fd8",
        "is_verified": false,
        "line_number": 244
      }
    ],
    "docs/WHY_OPENAI_API.md": [
      {
        "type": "Secret Keyword",
        "filename": "docs/WHY_OPENAI_API.md",
        "hashed_secret": "ec3810e10fb78db55ce38b9c18d1c3eb1db739e0",
        "is_verified": false,
        "line_number": 381
      }
    ],
    "docs/deployment.md": [
      {
        "type": "Basic Auth Credentials",
        "filename": "docs/deployment.md",
        "hashed_secret": "9d4e1e23bd5b727046a9e3b4b7db57bd8d6ee684",
        "is_verified": false,
        "line_number": 54
      },
      {
        "type": "Basic Auth Credentials",
        "filename": "docs/deployment.md",
        "hashed_secret": "5baa61e4c9b93f3f0682250b6cf8331b7ee68fd8",
        "is_verified": false,
        "line_number": 100
      }
    ],
    "docs/examples/javascript_example.js": [
      {
        "type": "Secret Keyword",
        "filename": "docs/examples/javascript_example.js",
        "hashed_secret": "aecdccc1cf64595b34e0cc152d238daabb32183a",
        "is_verified": false,
        "line_number": 7
      }
    ],
    "docs/examples/python_example.py": [
      {
        "type": "Secret Keyword",
        "filename": "docs/examples/python_example.py",
        "hashed_secret": "aecdccc1cf64595b34e0cc152d238daabb32183a",
        "is_verified": false,
        "line_number": 12
      }
    ],
    "docs/postgresql_migration_guide.md": [
      {
        "type": "Basic Auth Credentials",
        "filename": "docs/postgresql_migration_guide.md",
        "hashed_secret": "e6821d6e36cdd0228cfce1b0d84e8ce722eabe36",
        "is_verified": false,
        "line_number": 87
      }
    ],
    "docs/troubleshooting.md": [
      {
        "type": "Basic Auth Credentials",
        "filename": "docs/troubleshooting.md",
        "hashed_secret": "9d4e1e23bd5b727046a9e3b4b7db57bd8d6ee684",
        "is_verified": false,
        "line_number": 367
      }
    ],
    "docs/user-guide.md": [
      {
        "type": "Secret Keyword",
        "filename": "docs/user-guide.md",
        "hashed_secret": "aecdccc1cf64595b34e0cc152d238daabb32183a",
        "is_verified": false,
        "line_number": 365
      }
    ],
    "scripts/deploy-vercel-railway.sh": [
      {
        "type": "Basic Auth Credentials",
        "filename": "scripts/deploy-vercel-railway.sh",
        "hashed_secret": "5baa61e4c9b93f3f0682250b6cf8331b7ee68fd8",
        "is_verified": false,
        "line_number": 114
      }
    ],
    "src/cybersec_cli/chatbot/command_parser.py": [
      {
        "type": "Secret Keyword",
        "filename": "src/cybersec_cli/chatbot/command_parser.py",
        "hashed_secret": "b76327a67e4adc632c3170dae62b71f938e957ab",
        "is_verified": false,
        "line_number": 243
      }
    ],
    "src/cybersec_cli/utils/data_scrubber.py": [
      {
        "type": "Private Key",
        "filename": "src/cybersec_cli/utils/data_scrubber.py",
        "hashed_secret": "be4fc4886bd949b369d5e092eb87494f12e57e5b",
        "is_verified": false,
        "line_number": 38
      },
      {
        "type": "Private Key",
        "filename": "src/cybersec_cli/utils/data_scrubber.py",
        "hashed_secret": "f0778f3e140a61d5bbbed5430773e52af2f5fba4",
        "is_verified": false,
        "line_number": 39
      },
      {
        "type": "Private Key",
        "filename": "src/cybersec_cli/utils/data_scrubber.py",
        "hashed_secret": "27c6929aef41ae2bcadac15ca6abcaff72cda9cd",
        "is_verified": false,
        "line_number": 40
      }
    ],
    "tests/performance/benchmark_database.py": [
      {
        "type": "Basic Auth Credentials",
        "filename": "tests/performance/benchmark_database.py",
        "hashed_secret": "5baa61e4c9b93f3f0682250b6cf8331b7ee68fd8",
        "is_verified": false,
        "line_number": 61
      }
    ]
  },
  "generated_at": "2026-03-20T16:59:18Z"
}
